// Jest Snapshot v1, https://goo.gl/fbAQLP

exports[`Counter renders snapshot 1`] = `
<div
  className="Counter"
>
  <h2>
    Count is: 
    1
  </h2>
  <div>
    <WithStyles(Button)
      color="accent"
      fab={true}
      name="dec"
      onClick={[Function]}
    >
      -
    </WithStyles(Button)>
    <WithStyles(Button)
      color="accent"
      fab={true}
      name="inc"
      onClick={[Function]}
    >
      +
    </WithStyles(Button)>
  </div>
</div>
`;
