// Jest Snapshot v1, https://goo.gl/fbAQLP

exports[`AppRoutes renders snapshot 1`] = `
<WithStyles(Paper)
  className="AppRoutes-root-1"
>
  <Switch>
    <Route
      component={[Function]}
      exact={true}
      path="/"
    />
    <Route
      component={[Function]}
      path="/home"
    />
    <Route
      component={[Function]}
      path="/about"
    />
    <Route
      component={[Function]}
      path="/time"
    />
    <Route
      component={[Function]}
    />
  </Switch>
</WithStyles(Paper)>
`;
