// Jest Snapshot v1, https://goo.gl/fbAQLP

exports[`AppHeader renders snapshot 1`] = `
<div
  className="App-header"
>
  <WithStyles(AppBar)
    color="default"
    position="static"
  >
    <WithStyles(Toolbar)>
      <img
        alt="logo"
        className="App-logo"
        src="logo.svg"
      />
      <WithStyles(Typography)
        color="inherit"
        type="title"
      >
        <span
          className="app-title"
        >
          Welcome to React
        </span>
      </WithStyles(Typography)>
      <Hidden
        implementation="js"
        lgDown={false}
        lgUp={false}
        mdDown={false}
        mdUp={false}
        smDown={true}
        smUp={false}
        xlDown={false}
        xlUp={false}
        xsDown={false}
        xsUp={false}
      >
        <WithStyles(Tabs)
          style={
            Object {
              "marginLeft": "1em",
            }
          }
          value={0}
        >
          <WithStyles(Tab)
            label="Main Page"
            onClick={[Function]}
          />
          <WithStyles(Tab)
            label="Home"
            onClick={[Function]}
          />
          <WithStyles(Tab)
            label="About"
            onClick={[Function]}
          />
          <WithStyles(Tab)
            label="Time"
            onClick={[Function]}
          />
          <WithStyles(Tab)
            label="404"
            onClick={[Function]}
          />
        </WithStyles(Tabs)>
      </Hidden>
    </WithStyles(Toolbar)>
  </WithStyles(AppBar)>
</div>
`;
