// Jest Snapshot v1, https://goo.gl/fbAQLP

exports[`About renders correctly 1`] = `
<div
  className="About"
>
  <h2>
    This is About component
  </h2>
  <div>
    <div
      className="ant-row"
      style={undefined}
    >
      <div
        className="ant-col-sm-8"
      >
        <div
          className="ant-steps ant-steps-vertical"
          style={Object {}}
        >
          <div
            className="ant-steps-item ant-steps-item-finish"
            style={Object {}}
          >
            <div
              className="ant-steps-item-tail"
            />
            <div
              className="ant-steps-item-icon"
            >
              <span
                className="ant-steps-icon anticon anticon-check"
              />
            </div>
            <div
              className="ant-steps-item-content"
            >
              <div
                className="ant-steps-item-title"
              >
                Finished
              </div>
              <div
                className="ant-steps-item-description"
              >
                This is a description.
              </div>
            </div>
          </div>
          <div
            className="ant-steps-item ant-steps-item-process"
            style={Object {}}
          >
            <div
              className="ant-steps-item-tail"
            />
            <div
              className="ant-steps-item-icon"
            >
              <span
                className="ant-steps-icon"
              >
                2
              </span>
            </div>
            <div
              className="ant-steps-item-content"
            >
              <div
                className="ant-steps-item-title"
              >
                In Progress
              </div>
              <div
                className="ant-steps-item-description"
              >
                This is a description.
              </div>
            </div>
          </div>
          <div
            className="ant-steps-item ant-steps-item-wait"
            style={Object {}}
          >
            <div
              className="ant-steps-item-tail"
            />
            <div
              className="ant-steps-item-icon"
            >
              <span
                className="ant-steps-icon"
              >
                3
              </span>
            </div>
            <div
              className="ant-steps-item-content"
            >
              <div
                className="ant-steps-item-title"
              >
                Waiting
              </div>
              <div
                className="ant-steps-item-description"
              >
                This is a description.
              </div>
            </div>
          </div>
        </div>
      </div>
      <div
        className="ant-col-sm-8"
      >
        <div
          className="ant-card ant-card-bordered"
          style={
            Object {
              "width": 300,
            }
          }
        >
          <div
            className="ant-card-head"
          >
            <div
              className="ant-card-head-wrapper"
            >
              <div
                className="ant-card-head-title"
              >
                Card title
              </div>
              <div
                className="ant-card-extra"
              >
                <a
                  href="#"
                >
                  More
                </a>
              </div>
            </div>
          </div>
          <div
            className="ant-card-body"
            style={undefined}
          >
            <div>
              <p>
                Card content
              </p>
              <p>
                Card content
              </p>
              <p>
                Card content
              </p>
            </div>
          </div>
        </div>
      </div>
      <div
        className="ant-col-sm-8"
      >
        <div
          className="ant-card ant-card-bordered"
          style={
            Object {
              "width": 300,
            }
          }
        >
          <div
            className="ant-card-head"
          >
            <div
              className="ant-card-head-wrapper"
            >
              <div
                className="ant-card-head-title"
              >
                Card title
              </div>
              <div
                className="ant-card-extra"
              >
                <a
                  href="#"
                >
                  More
                </a>
              </div>
            </div>
          </div>
          <div
            className="ant-card-body"
            style={undefined}
          >
            <div>
              <div
                className="ant-progress ant-progress-circle ant-progress-status-normal ant-progress-show-info ant-progress-default"
              >
                <div
                  className="ant-progress-inner"
                  style={
                    Object {
                      "fontSize": 24,
                      "height": 120,
                      "width": 120,
                    }
                  }
                >
                  <svg
                    className="ant-progress-circle "
                    style={Object {}}
                    viewBox="0 0 100 100"
                  >
                    <path
                      className="ant-progress-circle-trail"
                      d="M 50,50 m 0,-47
                         a 47,47 0 1 1 0,94
                         a 47,47 0 1 1 0,-94"
                      fillOpacity="0"
                      stroke="#f3f3f3"
                      strokeWidth={6}
                      style={
                        Object {
                          "strokeDasharray": "295.3097094374406px 295.3097094374406px",
                          "strokeDashoffset": "-0px",
                          "transition": "stroke-dashoffset .3s ease 0s, stroke-dasharray .3s ease 0s, stroke .3s",
                        }
                      }
                    />
                    <path
                      className="ant-progress-circle-path"
                      d="M 50,50 m 0,-47
                         a 47,47 0 1 1 0,94
                         a 47,47 0 1 1 0,-94"
                      fillOpacity="0"
                      stroke="#108ee9"
                      strokeLinecap="round"
                      strokeWidth={6}
                      style={
                        Object {
                          "strokeDasharray": "124.03007796372503px 295.3097094374406px",
                          "strokeDashoffset": "-0px",
                          "transition": "stroke-dashoffset .3s ease 0s, stroke-dasharray .3s ease 0s, stroke .3s, stroke-width .06s ease .3s",
                        }
                      }
                    />
                  </svg>
                  <span
                    className="ant-progress-text"
                  >
                    42%
                  </span>
                </div>
              </div>
              <p>
                Card content
              </p>
              <p>
                Card content
              </p>
              <p>
                Card content
              </p>
            </div>
          </div>
        </div>
      </div>
    </div>
  </div>
</div>
`;
